---
source: crates/sith_server/src/server/api/tests/references.rs
expression: "ReferencesOutput::new(references(&snapshot, params), snapshot.encoding())"
---
test-local-var-references/processor.py
--------------------------------------
    count = 0   LINE: 3 (5..10)
    ^^^^^


test-local-var-references/processor.py
--------------------------------------
            count += 1   LINE: 6 (13..18)
            ^^^^^


test-local-var-references/processor.py
--------------------------------------
    return count   LINE: 7 (12..17)
           ^^^^^
